// Jest Snapshot v1, https://goo.gl/fbAQLP

exports[`Snapshot 1`] = `
<div
  className="alert"
>
  <div
    className="alert__content"
  >
    <div
      className="usa-alert usa-alert--warning"
    >
      <div
        className="usa-alert__body"
      >
        <h3
          className="usa-alert__heading"
        >
          Update divert status?
        </h3>
        <p
          className="usa-alert__text"
        >
          Ambulances will be notified.
        </p>
      </div>
      <ul
        className="usa-button-group flex-column flex-align-stretch"
      >
        <li
          className="usa-button-group__item"
        >
          <button
            className="usa-button usa-button--outline bg-white width-full"
            onClick={[Function]}
            type="button"
          >
            Keep status
          </button>
        </li>
        <li
          className="usa-button-group__item"
        >
          <button
            className="usa-button usa-button--secondary width-full"
            onClick={[Function]}
            type="button"
          >
            Update status
          </button>
        </li>
      </ul>
    </div>
  </div>
</div>
`;
